[     899ms] [LOG] %cmetric: color:gray {name: LCP, entries: Array(1), value: 1420, rating: good, delta: 1420} @ https://unsplash.com/a/en-US/4160.49989f47.js:13
[     899ms] [LOG] %cusr: color:gray {locale: en-US} @ https://unsplash.com/a/en-US/4160.49989f47.js:13
[     899ms] [LOG] %croute_data: color:gray Search-Photos @ https://unsplash.com/a/en-US/4160.49989f47.js:13
[     902ms] [LOG] %cmetric: color:gray {name: CLS, entries: Array(0), value: 0, rating: good, delta: 0} @ https://unsplash.com/a/en-US/4160.49989f47.js:13
[     902ms] [LOG] %cusr: color:gray {locale: en-US} @ https://unsplash.com/a/en-US/4160.49989f47.js:13
[     903ms] [LOG] %croute_data: color:gray Search-Photos @ https://unsplash.com/a/en-US/4160.49989f47.js:13
[    1273ms] [LOG] %cmetric: color:gray {name: TTFB, entries: Array(1), value: 874.2999999998137, rating: needs-improvement, delta: 874.2999999998137} @ https://unsplash.com/a/en-US/4160.49989f47.js:13
[    1273ms] [LOG] %cusr: color:gray {locale: en-US} @ https://unsplash.com/a/en-US/4160.49989f47.js:13
[    1273ms] [LOG] %croute_data: color:gray Asset @ https://unsplash.com/a/en-US/4160.49989f47.js:13
[    7981ms] [LOG] %cmetric: color:gray {name: LCP, entries: Array(1), value: 1324, rating: good, delta: 1324} @ https://unsplash.com/a/en-US/4160.49989f47.js:13
[    7981ms] [LOG] %cusr: color:gray {locale: en-US} @ https://unsplash.com/a/en-US/4160.49989f47.js:13
[    7981ms] [LOG] %croute_data: color:gray Asset @ https://unsplash.com/a/en-US/4160.49989f47.js:13
[   35644ms] [LOG] %cmetric: color:gray {name: INP, entries: Array(2), value: 48, rating: good, delta: 48} @ https://unsplash.com/a/en-US/4160.49989f47.js:13
[   35645ms] [LOG] %cusr: color:gray {locale: en-US} @ https://unsplash.com/a/en-US/4160.49989f47.js:13
[   35645ms] [LOG] %croute_data: color:gray Asset @ https://unsplash.com/a/en-US/4160.49989f47.js:13
[   35647ms] [LOG] %cmetric: color:gray {name: CLS, entries: Array(0), value: 0, rating: good, delta: 0} @ https://unsplash.com/a/en-US/4160.49989f47.js:13
[   35647ms] [LOG] %cusr: color:gray {locale: en-US} @ https://unsplash.com/a/en-US/4160.49989f47.js:13
[   35647ms] [LOG] %croute_data: color:gray Asset @ https://unsplash.com/a/en-US/4160.49989f47.js:13
[   35803ms] [LOG] %cmetric: color:gray {name: TTFB, entries: Array(1), value: 4.599999999860302, rating: good, delta: 4.599999999860302} @ https://unsplash.com/a/en-US/4160.49989f47.js:13
[   35804ms] [LOG] %cusr: color:gray {locale: en-US} @ https://unsplash.com/a/en-US/4160.49989f47.js:13
[   35804ms] [LOG] %croute_data: color:gray Search-Photos @ https://unsplash.com/a/en-US/4160.49989f47.js:13
